// Jest Snapshot v1, https://goo.gl/fbAQLP

exports[`renders the UI as expected 1`] = `
<div
  id="SignIn"
>
  <div
    id="TopBar"
  >
    <div
      className="Container"
    >
      <a
        href="/"
        onClick={[Function]}
      >
        <h1>
          Scribblez
        </h1>
      </a>
      <ul>
        <li>
          <a
            href="/feed"
            onClick={[Function]}
          >
            Feed
          </a>
        </li>
        <li>
          <a
            href="/sign-up"
            onClick={[Function]}
          >
            Sign Up
          </a>
        </li>
        <li>
          <a
            href="/sign-in"
            onClick={[Function]}
          >
            Sign In
          </a>
        </li>
      </ul>
    </div>
  </div>
  <div
    className="dialog"
  >
    <h2>
      Sign In
    </h2>
    <ul
      id="demo-credentials"
    >
      <li>
        Demo username: 
        <strong>
          homer
        </strong>
      </li>
      <li>
        Demo password: 
        <strong>
          password
        </strong>
      </li>
    </ul>
    <form
      autoComplete="off"
      onSubmit={[Function]}
    >
      <input
        id="username"
        placeholder="Username"
        type="text"
      />
      <input
        id="password"
        placeholder="Password"
        type="password"
      />
      <button
        type="submit"
      >
        Sign In
      </button>
    </form>
  </div>
</div>
`;
