// Jest Snapshot v1, https://goo.gl/fbAQLP

exports[`renders the UI as expected 1`] = `
<div
  id="Notes"
>
  <div
    id="TopBar"
  >
    <div
      className="Container"
    >
      <a
        href="/"
        onClick={[Function]}
      >
        <h1>
          Scribblez
        </h1>
      </a>
      <ul>
        <li>
          <a
            href="/feed"
            onClick={[Function]}
          >
            Feed
          </a>
        </li>
        <li>
          <a
            href="/sign-up"
            onClick={[Function]}
          >
            Sign Up
          </a>
        </li>
        <li>
          <a
            href="/sign-in"
            onClick={[Function]}
          >
            Sign In
          </a>
        </li>
      </ul>
    </div>
  </div>
  <div
    className="Container"
  >
    <form
      id="CreateNoteForm"
      onSubmit={[Function]}
    >
      <textarea
        id="note-body"
        placeholder="New note"
        rows="1"
      />
      <select
        id="note-visibility"
      >
        <option
          value="public"
        >
          public
        </option>
        <option
          value="private"
        >
          private
        </option>
      </select>
      <button
        id="create-note"
        type="submit"
      >
        Create
      </button>
    </form>
  </div>
  <div
    className="Container"
  >
    <ul
      id="NoteList"
    />
  </div>
</div>
`;
